// Jest Snapshot v1, https://goo.gl/fbAQLP

exports[`Navigation should match the snapshot 1`] = `
ShallowWrapper {
  "length": 1,
  Symbol(enzyme.__root__): [Circular],
  Symbol(enzyme.__unrendered__): <Navigation
    changeCategory={[Function]}
    selectedButton=""
/>,
  Symbol(enzyme.__renderer__): Object {
    "batchedUpdates": [Function],
    "getNode": [Function],
    "render": [Function],
    "simulateEvent": [Function],
    "unmount": [Function],
  },
  Symbol(enzyme.__node__): Object {
    "instance": null,
    "key": undefined,
    "nodeType": "host",
    "props": Object {
      "children": Array [
        <button
          className={undefined}
          name="People"
          onClick={[Function]}
>
          People
</button>,
        <button
          className={undefined}
          name="Planets"
          onClick={[Function]}
>
          Planets
</button>,
        <button
          className={undefined}
          name="Vehicles"
          onClick={[Function]}
>
          Vehicles
</button>,
        <button
          className={undefined}
          name="Favorites"
          onClick={[Function]}
>
          Favorites (
          )
</button>,
        <h3
          className="showSelectMessage"
>
          Select a category
</h3>,
      ],
      "className": "Navigation",
    },
    "ref": null,
    "rendered": Array [
      Object {
        "instance": null,
        "key": undefined,
        "nodeType": "host",
        "props": Object {
          "children": "People",
          "className": undefined,
          "name": "People",
          "onClick": [Function],
        },
        "ref": null,
        "rendered": "People",
        "type": "button",
      },
      Object {
        "instance": null,
        "key": undefined,
        "nodeType": "host",
        "props": Object {
          "children": "Planets",
          "className": undefined,
          "name": "Planets",
          "onClick": [Function],
        },
        "ref": null,
        "rendered": "Planets",
        "type": "button",
      },
      Object {
        "instance": null,
        "key": undefined,
        "nodeType": "host",
        "props": Object {
          "children": "Vehicles",
          "className": undefined,
          "name": "Vehicles",
          "onClick": [Function],
        },
        "ref": null,
        "rendered": "Vehicles",
        "type": "button",
      },
      Object {
        "instance": null,
        "key": undefined,
        "nodeType": "host",
        "props": Object {
          "children": Array [
            "Favorites (",
            undefined,
            ")",
          ],
          "className": undefined,
          "name": "Favorites",
          "onClick": [Function],
        },
        "ref": null,
        "rendered": Array [
          "Favorites (",
          undefined,
          ")",
        ],
        "type": "button",
      },
      Object {
        "instance": null,
        "key": undefined,
        "nodeType": "host",
        "props": Object {
          "children": "Select a category",
          "className": "showSelectMessage",
        },
        "ref": null,
        "rendered": "Select a category",
        "type": "h3",
      },
    ],
    "type": "div",
  },
  Symbol(enzyme.__nodes__): Array [
    Object {
      "instance": null,
      "key": undefined,
      "nodeType": "host",
      "props": Object {
        "children": Array [
          <button
            className={undefined}
            name="People"
            onClick={[Function]}
>
            People
</button>,
          <button
            className={undefined}
            name="Planets"
            onClick={[Function]}
>
            Planets
</button>,
          <button
            className={undefined}
            name="Vehicles"
            onClick={[Function]}
>
            Vehicles
</button>,
          <button
            className={undefined}
            name="Favorites"
            onClick={[Function]}
>
            Favorites (
            )
</button>,
          <h3
            className="showSelectMessage"
>
            Select a category
</h3>,
        ],
        "className": "Navigation",
      },
      "ref": null,
      "rendered": Array [
        Object {
          "instance": null,
          "key": undefined,
          "nodeType": "host",
          "props": Object {
            "children": "People",
            "className": undefined,
            "name": "People",
            "onClick": [Function],
          },
          "ref": null,
          "rendered": "People",
          "type": "button",
        },
        Object {
          "instance": null,
          "key": undefined,
          "nodeType": "host",
          "props": Object {
            "children": "Planets",
            "className": undefined,
            "name": "Planets",
            "onClick": [Function],
          },
          "ref": null,
          "rendered": "Planets",
          "type": "button",
        },
        Object {
          "instance": null,
          "key": undefined,
          "nodeType": "host",
          "props": Object {
            "children": "Vehicles",
            "className": undefined,
            "name": "Vehicles",
            "onClick": [Function],
          },
          "ref": null,
          "rendered": "Vehicles",
          "type": "button",
        },
        Object {
          "instance": null,
          "key": undefined,
          "nodeType": "host",
          "props": Object {
            "children": Array [
              "Favorites (",
              undefined,
              ")",
            ],
            "className": undefined,
            "name": "Favorites",
            "onClick": [Function],
          },
          "ref": null,
          "rendered": Array [
            "Favorites (",
            undefined,
            ")",
          ],
          "type": "button",
        },
        Object {
          "instance": null,
          "key": undefined,
          "nodeType": "host",
          "props": Object {
            "children": "Select a category",
            "className": "showSelectMessage",
          },
          "ref": null,
          "rendered": "Select a category",
          "type": "h3",
        },
      ],
      "type": "div",
    },
  ],
  Symbol(enzyme.__options__): Object {
    "adapter": ReactSixteenAdapter {
      "options": Object {
        "enableComponentDidUpdateOnSetState": true,
      },
    },
  },
}
`;

exports[`Navigation should match the snapshot if no button is selected 1`] = `
ShallowWrapper {
  "length": 1,
  Symbol(enzyme.__root__): [Circular],
  Symbol(enzyme.__unrendered__): <Navigation
    changeCategory={[Function]}
    selectedButton=""
/>,
  Symbol(enzyme.__renderer__): Object {
    "batchedUpdates": [Function],
    "getNode": [Function],
    "render": [Function],
    "simulateEvent": [Function],
    "unmount": [Function],
  },
  Symbol(enzyme.__node__): Object {
    "instance": null,
    "key": undefined,
    "nodeType": "host",
    "props": Object {
      "children": Array [
        <button
          className={undefined}
          name="People"
          onClick={[Function]}
>
          People
</button>,
        <button
          className={undefined}
          name="Planets"
          onClick={[Function]}
>
          Planets
</button>,
        <button
          className={undefined}
          name="Vehicles"
          onClick={[Function]}
>
          Vehicles
</button>,
        <button
          className={undefined}
          name="Favorites"
          onClick={[Function]}
>
          Favorites (
          )
</button>,
        <h3
          className="showSelectMessage"
>
          Select a category
</h3>,
      ],
      "className": "Navigation",
    },
    "ref": null,
    "rendered": Array [
      Object {
        "instance": null,
        "key": undefined,
        "nodeType": "host",
        "props": Object {
          "children": "People",
          "className": undefined,
          "name": "People",
          "onClick": [Function],
        },
        "ref": null,
        "rendered": "People",
        "type": "button",
      },
      Object {
        "instance": null,
        "key": undefined,
        "nodeType": "host",
        "props": Object {
          "children": "Planets",
          "className": undefined,
          "name": "Planets",
          "onClick": [Function],
        },
        "ref": null,
        "rendered": "Planets",
        "type": "button",
      },
      Object {
        "instance": null,
        "key": undefined,
        "nodeType": "host",
        "props": Object {
          "children": "Vehicles",
          "className": undefined,
          "name": "Vehicles",
          "onClick": [Function],
        },
        "ref": null,
        "rendered": "Vehicles",
        "type": "button",
      },
      Object {
        "instance": null,
        "key": undefined,
        "nodeType": "host",
        "props": Object {
          "children": Array [
            "Favorites (",
            undefined,
            ")",
          ],
          "className": undefined,
          "name": "Favorites",
          "onClick": [Function],
        },
        "ref": null,
        "rendered": Array [
          "Favorites (",
          undefined,
          ")",
        ],
        "type": "button",
      },
      Object {
        "instance": null,
        "key": undefined,
        "nodeType": "host",
        "props": Object {
          "children": "Select a category",
          "className": "showSelectMessage",
        },
        "ref": null,
        "rendered": "Select a category",
        "type": "h3",
      },
    ],
    "type": "div",
  },
  Symbol(enzyme.__nodes__): Array [
    Object {
      "instance": null,
      "key": undefined,
      "nodeType": "host",
      "props": Object {
        "children": Array [
          <button
            className={undefined}
            name="People"
            onClick={[Function]}
>
            People
</button>,
          <button
            className={undefined}
            name="Planets"
            onClick={[Function]}
>
            Planets
</button>,
          <button
            className={undefined}
            name="Vehicles"
            onClick={[Function]}
>
            Vehicles
</button>,
          <button
            className={undefined}
            name="Favorites"
            onClick={[Function]}
>
            Favorites (
            )
</button>,
          <h3
            className="showSelectMessage"
>
            Select a category
</h3>,
        ],
        "className": "Navigation",
      },
      "ref": null,
      "rendered": Array [
        Object {
          "instance": null,
          "key": undefined,
          "nodeType": "host",
          "props": Object {
            "children": "People",
            "className": undefined,
            "name": "People",
            "onClick": [Function],
          },
          "ref": null,
          "rendered": "People",
          "type": "button",
        },
        Object {
          "instance": null,
          "key": undefined,
          "nodeType": "host",
          "props": Object {
            "children": "Planets",
            "className": undefined,
            "name": "Planets",
            "onClick": [Function],
          },
          "ref": null,
          "rendered": "Planets",
          "type": "button",
        },
        Object {
          "instance": null,
          "key": undefined,
          "nodeType": "host",
          "props": Object {
            "children": "Vehicles",
            "className": undefined,
            "name": "Vehicles",
            "onClick": [Function],
          },
          "ref": null,
          "rendered": "Vehicles",
          "type": "button",
        },
        Object {
          "instance": null,
          "key": undefined,
          "nodeType": "host",
          "props": Object {
            "children": Array [
              "Favorites (",
              undefined,
              ")",
            ],
            "className": undefined,
            "name": "Favorites",
            "onClick": [Function],
          },
          "ref": null,
          "rendered": Array [
            "Favorites (",
            undefined,
            ")",
          ],
          "type": "button",
        },
        Object {
          "instance": null,
          "key": undefined,
          "nodeType": "host",
          "props": Object {
            "children": "Select a category",
            "className": "showSelectMessage",
          },
          "ref": null,
          "rendered": "Select a category",
          "type": "h3",
        },
      ],
      "type": "div",
    },
  ],
  Symbol(enzyme.__options__): Object {
    "adapter": ReactSixteenAdapter {
      "options": Object {
        "enableComponentDidUpdateOnSetState": true,
      },
    },
  },
}
`;
